// Jest Snapshot v1, https://goo.gl/fbAQLP

exports[`should check for FormHeader props and classes 1`] = `
<div
  className="md:mx-16 mx-4 flex"
>
  <div
    className="w-1/2 rounded md:h-16 h-8 flex items-center justify-center bg-gray-400 text-white mr-1"
  >
    Step 1: SIP
  </div>
  <div
    className="w-1/2 rounded md:h-16 h-8 flex items-center justify-center shadow-xl bg-gray-200 ml-1"
  >
    Step 2: SWP
  </div>
</div>
`;
